// Jest Snapshot v1, https://goo.gl/fbAQLP

exports[`Extension Manager can successfully fetch items 1`] = `
Array [
  Array [
    Object {
      "error": null,
      "isFetching": false,
      "news": Array [
        Object {
          "title": "rss item 1",
        },
        Object {
          "title": "rss item 2",
        },
      ],
    },
  ],
]
`;

exports[`Extension Manager can successfully fetch items 2`] = `
Array [
  Array [
    "isFetching",
    true,
  ],
  Array [
    "news",
    undefined,
  ],
  Array [
    "isFetching",
    false,
  ],
  Array [
    "error",
    null,
  ],
]
`;

exports[`Extension Manager throws an error if channel wasn't found 1`] = `
Array [
  Array [
    Object {
      "error": "Channel \\"foobar\\" to found, available channels are barfoo, somethingElse",
      "isFetching": false,
      "news": Array [],
    },
  ],
]
`;

exports[`Extension Manager throws an error if channel wasn't found 2`] = `
Array [
  Array [
    "isFetching",
    true,
  ],
  Array [
    "isFetching",
    false,
  ],
  Array [
    "error",
    "Channel \\"foobar\\" to found, available channels are barfoo, somethingElse",
  ],
]
`;
