// Jest Snapshot v1, https://goo.gl/fbAQLP

exports[`should be initiated with no errors 1`] = `
Array [
  "marquee.link",
  "marquee.open",
  "marquee.touchbar",
  "marquee.expand",
  "marquee.clear",
  "marquee.edit",
]
`;
