// Jest Snapshot v1, https://goo.gl/fbAQLP

exports[`should get proper extension props 1`] = `
Object {
  "extname": "stateful.marquee",
  "extversion": "3.0.0-edge.1",
  "os": "some platform",
  "platformversion": "some release",
  "uikind": "desktop",
  "vscodemachineid": "machineId",
  "vscodesessionid": "sessionId",
  "vscodeversion": "1.2.3",
}
`;
