// Jest Snapshot v1, https://goo.gl/fbAQLP

exports[`generate proper default state and configuration 1`] = `
Object {
  "defaultConfig": true,
}
`;

exports[`generate proper default state and configuration 2`] = `
Object {
  "defaultState": true,
  "someRandomConfig": "foobar",
}
`;

exports[`getActiveWorkspace 1`] = `
Object {
  "id": "6a46e7d7-31ab-4c19-80ec-333506d67dd0",
  "name": "foobarWorkspace",
  "path": "/foo/bar",
  "type": "workspace",
}
`;

exports[`getTextSelection 1`] = `
Object {
  "lang": "42",
  "name": "bar",
  "path": "/foo/bar:0",
  "text": "foobar",
}
`;

exports[`should apply old configuration if available 1`] = `
Object {
  "defaultConfig": "old config",
}
`;

exports[`should apply old configuration if available 2`] = `
Object {
  "defaultConfig": "old config",
  "defaultState": "old state",
}
`;

exports[`should get proper extension props 1`] = `
Object {
  "extname": "stateful.marquee",
  "os": "some platform",
  "platformversion": "some release",
  "uikind": "desktop",
  "vscodemachineid": "machineId",
  "vscodesessionid": "sessionId",
  "vscodeversion": "1.2.3",
}
`;
