// Jest Snapshot v1, https://goo.gl/fbAQLP

exports[`WidgetLayout filters non display widgets 1`] = `
Object {
  "default": Object {
    "layouts": Object {
      "lg": Array [
        Object {
          "h": 12,
          "i": "welcome",
          "minH": 6,
          "minW": 2,
          "moved": false,
          "static": false,
          "w": 4,
          "x": 0,
          "y": 0,
        },
        Object {
          "h": 12,
          "i": "todo",
          "minH": 6,
          "minW": 2,
          "moved": false,
          "static": false,
          "w": 4,
          "x": 8,
          "y": 12,
        },
        Object {
          "h": 12,
          "i": "weather",
          "minH": 6,
          "minW": 2,
          "moved": false,
          "static": false,
          "w": 4,
          "x": 8,
          "y": 0,
        },
        Object {
          "h": 12,
          "i": "github",
          "minH": 6,
          "minW": 2,
          "moved": false,
          "static": false,
          "w": 4,
          "x": 4,
          "y": 12,
        },
        Object {
          "h": 12,
          "i": "news",
          "minH": 6,
          "minW": 2,
          "moved": false,
          "static": false,
          "w": 4,
          "x": 0,
          "y": 12,
        },
        Object {
          "h": 13,
          "i": "snippets",
          "minH": 6,
          "minW": 2,
          "moved": false,
          "static": false,
          "w": 6,
          "x": 0,
          "y": 24,
        },
        Object {
          "h": 13,
          "i": "notes",
          "minH": 6,
          "minW": 2,
          "moved": false,
          "static": false,
          "w": 6,
          "x": 6,
          "y": 24,
        },
        Object {
          "h": 12,
          "i": "projects",
          "minH": 6,
          "minW": 2,
          "moved": false,
          "static": false,
          "w": 4,
          "x": 4,
          "y": 0,
        },
      ],
      "md": Array [
        Object {
          "h": 12,
          "i": "welcome",
          "minH": 6,
          "minW": 2,
          "moved": false,
          "static": false,
          "w": 3,
          "x": 0,
          "y": 0,
        },
        Object {
          "h": 12,
          "i": "todo",
          "minH": 6,
          "minW": 2,
          "moved": false,
          "static": false,
          "w": 4,
          "x": 6,
          "y": 12,
        },
        Object {
          "h": 12,
          "i": "weather",
          "minH": 6,
          "minW": 2,
          "moved": false,
          "static": false,
          "w": 3,
          "x": 7,
          "y": 0,
        },
        Object {
          "h": 12,
          "i": "github",
          "minH": 6,
          "minW": 2,
          "moved": false,
          "static": false,
          "w": 3,
          "x": 3,
          "y": 12,
        },
        Object {
          "h": 12,
          "i": "news",
          "minH": 6,
          "minW": 2,
          "moved": false,
          "static": false,
          "w": 3,
          "x": 0,
          "y": 12,
        },
        Object {
          "h": 13,
          "i": "snippets",
          "minH": 6,
          "minW": 2,
          "moved": false,
          "static": false,
          "w": 5,
          "x": 0,
          "y": 24,
        },
        Object {
          "h": 13,
          "i": "notes",
          "minH": 6,
          "minW": 2,
          "moved": false,
          "static": false,
          "w": 5,
          "x": 5,
          "y": 24,
        },
        Object {
          "h": 12,
          "i": "projects",
          "minH": 6,
          "minW": 2,
          "moved": false,
          "static": false,
          "w": 4,
          "x": 3,
          "y": 0,
        },
      ],
      "sm": Array [
        Object {
          "h": 12,
          "i": "welcome",
          "minH": 6,
          "minW": 2,
          "moved": false,
          "static": false,
          "w": 3,
          "x": 0,
          "y": 0,
        },
        Object {
          "h": 12,
          "i": "todo",
          "minH": 6,
          "minW": 2,
          "moved": false,
          "static": false,
          "w": 3,
          "x": 3,
          "y": 24,
        },
        Object {
          "h": 12,
          "i": "weather",
          "minH": 6,
          "minW": 2,
          "moved": false,
          "static": false,
          "w": 3,
          "x": 3,
          "y": 12,
        },
        Object {
          "h": 12,
          "i": "github",
          "minH": 6,
          "minW": 2,
          "moved": false,
          "static": false,
          "w": 3,
          "x": 0,
          "y": 24,
        },
        Object {
          "h": 12,
          "i": "news",
          "minH": 6,
          "minW": 2,
          "moved": false,
          "static": false,
          "w": 3,
          "x": 0,
          "y": 12,
        },
        Object {
          "h": 13,
          "i": "snippets",
          "minH": 6,
          "minW": 2,
          "moved": false,
          "static": false,
          "w": 6,
          "x": 0,
          "y": 36,
        },
        Object {
          "h": 13,
          "i": "notes",
          "minH": 6,
          "minW": 2,
          "moved": false,
          "static": false,
          "w": 6,
          "x": 0,
          "y": 49,
        },
        Object {
          "h": 12,
          "i": "projects",
          "minH": 6,
          "minW": 2,
          "moved": false,
          "static": false,
          "w": 3,
          "x": 3,
          "y": 0,
        },
      ],
      "xs": Array [
        Object {
          "h": 11,
          "i": "welcome",
          "minH": 6,
          "minW": 2,
          "moved": false,
          "static": false,
          "w": 2,
          "x": 0,
          "y": 0,
        },
        Object {
          "h": 12,
          "i": "todo",
          "minH": 6,
          "minW": 2,
          "moved": false,
          "static": false,
          "w": 4,
          "x": 0,
          "y": 23,
        },
        Object {
          "h": 11,
          "i": "weather",
          "minH": 6,
          "minW": 2,
          "moved": false,
          "static": false,
          "w": 2,
          "x": 2,
          "y": 0,
        },
        Object {
          "h": 12,
          "i": "github",
          "minH": 6,
          "minW": 2,
          "moved": false,
          "static": false,
          "w": 4,
          "x": 0,
          "y": 74,
        },
        Object {
          "h": 13,
          "i": "news",
          "minH": 6,
          "minW": 2,
          "moved": false,
          "static": false,
          "w": 4,
          "x": 0,
          "y": 61,
        },
        Object {
          "h": 13,
          "i": "snippets",
          "minH": 6,
          "minW": 2,
          "moved": false,
          "static": false,
          "w": 4,
          "x": 0,
          "y": 35,
        },
        Object {
          "h": 13,
          "i": "notes",
          "minH": 6,
          "minW": 2,
          "moved": false,
          "static": false,
          "w": 4,
          "x": 0,
          "y": 48,
        },
        Object {
          "h": 12,
          "i": "projects",
          "minH": 6,
          "minW": 2,
          "moved": false,
          "static": false,
          "w": 4,
          "x": 0,
          "y": 11,
        },
      ],
      "xxs": Array [
        Object {
          "h": 11,
          "i": "welcome",
          "minH": 6,
          "minW": 2,
          "moved": false,
          "static": false,
          "w": 4,
          "x": 0,
          "y": 0,
        },
        Object {
          "h": 12,
          "i": "todo",
          "minH": 6,
          "minW": 2,
          "moved": false,
          "static": false,
          "w": 4,
          "x": 0,
          "y": 35,
        },
        Object {
          "h": 12,
          "i": "weather",
          "minH": 6,
          "minW": 2,
          "moved": false,
          "static": false,
          "w": 4,
          "x": 0,
          "y": 11,
        },
        Object {
          "h": 12,
          "i": "github",
          "minH": 6,
          "minW": 2,
          "moved": false,
          "static": false,
          "w": 4,
          "x": 0,
          "y": 86,
        },
        Object {
          "h": 13,
          "i": "news",
          "minH": 6,
          "minW": 2,
          "moved": false,
          "static": false,
          "w": 4,
          "x": 0,
          "y": 73,
        },
        Object {
          "h": 13,
          "i": "snippets",
          "minH": 6,
          "minW": 2,
          "moved": false,
          "static": false,
          "w": 4,
          "x": 0,
          "y": 47,
        },
        Object {
          "h": 13,
          "i": "notes",
          "minH": 6,
          "minW": 2,
          "moved": false,
          "static": false,
          "w": 4,
          "x": 0,
          "y": 60,
        },
        Object {
          "h": 12,
          "i": "projects",
          "minH": 6,
          "minW": 2,
          "moved": false,
          "static": false,
          "w": 4,
          "x": 0,
          "y": 23,
        },
      ],
    },
    "widgets": Object {
      "github": true,
      "news": true,
      "notes": true,
      "projects": true,
      "snippets": true,
      "todo": true,
      "weather": true,
      "welcome": true,
    },
  },
  "play": Object {
    "icon": Object {
      "colons": ":beach_with_umbrella:",
      "id": "beach_with_umbrella",
      "name": "Beach with Umbrella",
      "native": "üèñÔ∏è",
      "short_names": Array [
        "beach_with_umbrella",
      ],
      "unified": "1f3d6-fe0f",
    },
    "layouts": Object {
      "lg": Array [
        Object {
          "h": 14,
          "i": "news",
          "minH": 6,
          "minW": 2,
          "moved": false,
          "static": false,
          "w": 6,
          "x": 6,
          "y": 15,
        },
        Object {
          "h": 14,
          "i": "github",
          "minH": 6,
          "minW": 2,
          "moved": false,
          "static": false,
          "w": 6,
          "x": 0,
          "y": 15,
        },
        Object {
          "h": 14,
          "i": "todo",
          "minH": 6,
          "minW": 2,
          "moved": false,
          "static": false,
          "w": 4,
          "x": 4,
          "y": 29,
        },
        Object {
          "h": 15,
          "i": "weather",
          "minH": 6,
          "minW": 2,
          "moved": false,
          "static": false,
          "w": 3,
          "x": 3,
          "y": 0,
        },
        Object {
          "h": 15,
          "i": "notes",
          "minH": 6,
          "minW": 2,
          "moved": false,
          "static": false,
          "w": 6,
          "x": 6,
          "y": 0,
        },
        Object {
          "h": 15,
          "i": "welcome",
          "minH": 9,
          "minW": 3,
          "moved": false,
          "static": false,
          "w": 3,
          "x": 0,
          "y": 0,
        },
        Object {
          "h": 12,
          "i": "snippets",
          "minH": 6,
          "minW": 2,
          "moved": false,
          "static": false,
          "w": 4,
          "x": 0,
          "y": 29,
        },
        Object {
          "h": 12,
          "i": "projects",
          "minH": 6,
          "minW": 2,
          "moved": false,
          "static": false,
          "w": 4,
          "x": 0,
          "y": 41,
        },
      ],
      "md": Array [
        Object {
          "h": 14,
          "i": "news",
          "minH": 6,
          "minW": 2,
          "moved": false,
          "static": false,
          "w": 5,
          "x": 5,
          "y": 12,
        },
        Object {
          "h": 14,
          "i": "github",
          "minH": 6,
          "minW": 2,
          "moved": false,
          "static": false,
          "w": 5,
          "x": 0,
          "y": 12,
        },
        Object {
          "h": 12,
          "i": "todo",
          "minH": 6,
          "minW": 2,
          "moved": false,
          "static": false,
          "w": 4,
          "x": 0,
          "y": 37,
        },
        Object {
          "h": 12,
          "i": "weather",
          "minH": 6,
          "minW": 2,
          "moved": false,
          "static": false,
          "w": 5,
          "x": 5,
          "y": 0,
        },
        Object {
          "h": 11,
          "i": "notes",
          "minH": 6,
          "minW": 2,
          "moved": false,
          "static": false,
          "w": 10,
          "x": 0,
          "y": 26,
        },
        Object {
          "h": 12,
          "i": "welcome",
          "minH": 9,
          "minW": 3,
          "moved": false,
          "static": false,
          "w": 5,
          "x": 0,
          "y": 0,
        },
        Object {
          "h": 12,
          "i": "snippets",
          "minH": 6,
          "minW": 2,
          "moved": false,
          "static": false,
          "w": 4,
          "x": 0,
          "y": 49,
        },
        Object {
          "h": 12,
          "i": "projects",
          "minH": 6,
          "minW": 2,
          "moved": false,
          "static": false,
          "w": 4,
          "x": 0,
          "y": 61,
        },
      ],
      "sm": Array [
        Object {
          "h": 12,
          "i": "news",
          "minH": 6,
          "minW": 2,
          "moved": false,
          "static": false,
          "w": 3,
          "x": 3,
          "y": 11,
        },
        Object {
          "h": 12,
          "i": "github",
          "minH": 6,
          "minW": 2,
          "moved": false,
          "static": false,
          "w": 3,
          "x": 0,
          "y": 11,
        },
        Object {
          "h": 12,
          "i": "todo",
          "minH": 6,
          "minW": 2,
          "moved": false,
          "static": false,
          "w": 4,
          "x": 0,
          "y": 36,
        },
        Object {
          "h": 11,
          "i": "weather",
          "minH": 6,
          "minW": 2,
          "moved": false,
          "static": false,
          "w": 3,
          "x": 3,
          "y": 0,
        },
        Object {
          "h": 13,
          "i": "notes",
          "minH": 6,
          "minW": 2,
          "moved": false,
          "static": false,
          "w": 6,
          "x": 0,
          "y": 23,
        },
        Object {
          "h": 11,
          "i": "welcome",
          "minH": 9,
          "minW": 3,
          "moved": false,
          "static": false,
          "w": 3,
          "x": 0,
          "y": 0,
        },
        Object {
          "h": 12,
          "i": "snippets",
          "minH": 6,
          "minW": 2,
          "moved": false,
          "static": false,
          "w": 4,
          "x": 0,
          "y": 48,
        },
        Object {
          "h": 12,
          "i": "projects",
          "minH": 6,
          "minW": 2,
          "moved": false,
          "static": false,
          "w": 4,
          "x": 0,
          "y": 60,
        },
      ],
      "xs": Array [
        Object {
          "h": 13,
          "i": "news",
          "minH": 6,
          "minW": 2,
          "moved": false,
          "static": false,
          "w": 4,
          "x": 0,
          "y": 37,
        },
        Object {
          "h": 13,
          "i": "github",
          "minH": 6,
          "minW": 2,
          "moved": false,
          "static": false,
          "w": 4,
          "x": 0,
          "y": 24,
        },
        Object {
          "h": 12,
          "i": "todo",
          "minH": 6,
          "minW": 2,
          "moved": false,
          "static": false,
          "w": 4,
          "x": 0,
          "y": 62,
        },
        Object {
          "h": 11,
          "i": "weather",
          "minH": 6,
          "minW": 2,
          "moved": false,
          "static": false,
          "w": 4,
          "x": 0,
          "y": 13,
        },
        Object {
          "h": 12,
          "i": "notes",
          "minH": 6,
          "minW": 2,
          "moved": false,
          "static": false,
          "w": 4,
          "x": 0,
          "y": 50,
        },
        Object {
          "h": 13,
          "i": "welcome",
          "minH": 9,
          "minW": 3,
          "moved": false,
          "static": false,
          "w": 4,
          "x": 0,
          "y": 0,
        },
        Object {
          "h": 12,
          "i": "snippets",
          "minH": 6,
          "minW": 2,
          "moved": false,
          "static": false,
          "w": 4,
          "x": 0,
          "y": 74,
        },
        Object {
          "h": 12,
          "i": "projects",
          "minH": 6,
          "minW": 2,
          "moved": false,
          "static": false,
          "w": 4,
          "x": 0,
          "y": 86,
        },
      ],
      "xxs": Array [
        Object {
          "h": 13,
          "i": "news",
          "minH": 6,
          "minW": 2,
          "moved": false,
          "static": false,
          "w": 4,
          "x": 0,
          "y": 37,
        },
        Object {
          "h": 13,
          "i": "github",
          "minH": 6,
          "minW": 2,
          "moved": false,
          "static": false,
          "w": 4,
          "x": 0,
          "y": 24,
        },
        Object {
          "h": 12,
          "i": "todo",
          "minH": 6,
          "minW": 2,
          "moved": false,
          "static": false,
          "w": 4,
          "x": 0,
          "y": 62,
        },
        Object {
          "h": 11,
          "i": "weather",
          "minH": 6,
          "minW": 2,
          "moved": false,
          "static": false,
          "w": 4,
          "x": 0,
          "y": 13,
        },
        Object {
          "h": 12,
          "i": "notes",
          "minH": 6,
          "minW": 2,
          "moved": false,
          "static": false,
          "w": 4,
          "x": 0,
          "y": 50,
        },
        Object {
          "h": 13,
          "i": "welcome",
          "minH": 9,
          "minW": 3,
          "moved": false,
          "static": false,
          "w": 4,
          "x": 0,
          "y": 0,
        },
        Object {
          "h": 12,
          "i": "snippets",
          "minH": 6,
          "minW": 2,
          "moved": false,
          "static": false,
          "w": 4,
          "x": 0,
          "y": 74,
        },
        Object {
          "h": 12,
          "i": "projects",
          "minH": 6,
          "minW": 2,
          "moved": false,
          "static": false,
          "w": 4,
          "x": 0,
          "y": 86,
        },
      ],
    },
    "widgets": Object {
      "github": true,
      "news": true,
      "notes": false,
      "projects": false,
      "snippets": false,
      "todo": false,
      "weather": true,
      "welcome": true,
    },
  },
  "work": Object {
    "icon": Object {
      "colons": ":briefcase:",
      "id": "briefcase",
      "name": "Briefcase",
      "native": "üíº",
      "short_names": Array [
        "briefcase",
      ],
      "unified": "1f4bc",
    },
    "layouts": Object {
      "lg": Array [
        Object {
          "h": 12,
          "i": "news",
          "minH": 6,
          "minW": 2,
          "moved": false,
          "static": false,
          "w": 4,
          "x": 0,
          "y": 28,
        },
        Object {
          "h": 12,
          "i": "github",
          "minH": 6,
          "minW": 2,
          "moved": false,
          "static": false,
          "w": 4,
          "x": 0,
          "y": 40,
        },
        Object {
          "h": 13,
          "i": "todo",
          "minH": 6,
          "minW": 2,
          "moved": false,
          "static": false,
          "w": 4,
          "x": 8,
          "y": 0,
        },
        Object {
          "h": 12,
          "i": "weather",
          "minH": 6,
          "minW": 2,
          "moved": false,
          "static": false,
          "w": 4,
          "x": 0,
          "y": 52,
        },
        Object {
          "h": 15,
          "i": "notes",
          "minH": 6,
          "minW": 2,
          "moved": false,
          "static": false,
          "w": 6,
          "x": 6,
          "y": 13,
        },
        Object {
          "h": 13,
          "i": "welcome",
          "minH": 9,
          "minW": 3,
          "moved": false,
          "static": false,
          "w": 4,
          "x": 0,
          "y": 0,
        },
        Object {
          "h": 15,
          "i": "snippets",
          "minH": 6,
          "minW": 2,
          "moved": false,
          "static": false,
          "w": 6,
          "x": 0,
          "y": 13,
        },
        Object {
          "h": 13,
          "i": "projects",
          "minH": 6,
          "minW": 2,
          "moved": false,
          "static": false,
          "w": 4,
          "x": 4,
          "y": 0,
        },
      ],
      "md": Array [
        Object {
          "h": 12,
          "i": "news",
          "minH": 6,
          "minW": 2,
          "moved": false,
          "static": false,
          "w": 4,
          "x": 0,
          "y": 26,
        },
        Object {
          "h": 12,
          "i": "github",
          "minH": 6,
          "minW": 2,
          "moved": false,
          "static": false,
          "w": 4,
          "x": 0,
          "y": 38,
        },
        Object {
          "h": 12,
          "i": "todo",
          "minH": 6,
          "minW": 2,
          "moved": false,
          "static": false,
          "w": 3,
          "x": 3,
          "y": 0,
        },
        Object {
          "h": 12,
          "i": "weather",
          "minH": 6,
          "minW": 2,
          "moved": false,
          "static": false,
          "w": 4,
          "x": 0,
          "y": 50,
        },
        Object {
          "h": 14,
          "i": "notes",
          "minH": 6,
          "minW": 2,
          "moved": false,
          "static": false,
          "w": 5,
          "x": 5,
          "y": 12,
        },
        Object {
          "h": 12,
          "i": "welcome",
          "minH": 9,
          "minW": 3,
          "moved": false,
          "static": false,
          "w": 3,
          "x": 0,
          "y": 0,
        },
        Object {
          "h": 14,
          "i": "snippets",
          "minH": 6,
          "minW": 2,
          "moved": false,
          "static": false,
          "w": 5,
          "x": 0,
          "y": 12,
        },
        Object {
          "h": 12,
          "i": "projects",
          "minH": 6,
          "minW": 2,
          "moved": false,
          "static": false,
          "w": 4,
          "x": 6,
          "y": 0,
        },
      ],
      "sm": Array [
        Object {
          "h": 12,
          "i": "news",
          "minH": 6,
          "minW": 2,
          "moved": false,
          "static": false,
          "w": 4,
          "x": 0,
          "y": 47,
        },
        Object {
          "h": 12,
          "i": "github",
          "minH": 6,
          "minW": 2,
          "moved": false,
          "static": false,
          "w": 4,
          "x": 0,
          "y": 59,
        },
        Object {
          "h": 11,
          "i": "todo",
          "minH": 6,
          "minW": 2,
          "moved": false,
          "static": false,
          "w": 3,
          "x": 3,
          "y": 0,
        },
        Object {
          "h": 12,
          "i": "weather",
          "minH": 6,
          "minW": 2,
          "moved": false,
          "static": false,
          "w": 4,
          "x": 0,
          "y": 71,
        },
        Object {
          "h": 11,
          "i": "notes",
          "minH": 6,
          "minW": 2,
          "moved": false,
          "static": false,
          "w": 6,
          "x": 0,
          "y": 36,
        },
        Object {
          "h": 11,
          "i": "welcome",
          "minH": 9,
          "minW": 3,
          "moved": false,
          "static": false,
          "w": 3,
          "x": 0,
          "y": 0,
        },
        Object {
          "h": 13,
          "i": "snippets",
          "minH": 6,
          "minW": 2,
          "moved": false,
          "static": false,
          "w": 6,
          "x": 0,
          "y": 23,
        },
        Object {
          "h": 12,
          "i": "projects",
          "minH": 6,
          "minW": 2,
          "moved": false,
          "static": false,
          "w": 6,
          "x": 0,
          "y": 11,
        },
      ],
      "xs": Array [
        Object {
          "h": 12,
          "i": "news",
          "minH": 6,
          "minW": 2,
          "moved": false,
          "static": false,
          "w": 4,
          "x": 0,
          "y": 60,
        },
        Object {
          "h": 12,
          "i": "github",
          "minH": 6,
          "minW": 2,
          "moved": false,
          "static": false,
          "w": 4,
          "x": 0,
          "y": 72,
        },
        Object {
          "h": 12,
          "i": "todo",
          "minH": 6,
          "minW": 2,
          "moved": false,
          "static": false,
          "w": 4,
          "x": 0,
          "y": 25,
        },
        Object {
          "h": 12,
          "i": "weather",
          "minH": 6,
          "minW": 2,
          "moved": false,
          "static": false,
          "w": 4,
          "x": 0,
          "y": 84,
        },
        Object {
          "h": 11,
          "i": "notes",
          "minH": 6,
          "minW": 2,
          "moved": false,
          "static": false,
          "w": 4,
          "x": 0,
          "y": 49,
        },
        Object {
          "h": 13,
          "i": "welcome",
          "minH": 9,
          "minW": 3,
          "moved": false,
          "static": false,
          "w": 4,
          "x": 0,
          "y": 0,
        },
        Object {
          "h": 12,
          "i": "snippets",
          "minH": 6,
          "minW": 2,
          "moved": false,
          "static": false,
          "w": 4,
          "x": 0,
          "y": 37,
        },
        Object {
          "h": 12,
          "i": "projects",
          "minH": 6,
          "minW": 2,
          "moved": false,
          "static": false,
          "w": 4,
          "x": 0,
          "y": 13,
        },
      ],
      "xxs": Array [
        Object {
          "h": 12,
          "i": "news",
          "minH": 6,
          "minW": 2,
          "moved": false,
          "static": false,
          "w": 4,
          "x": 0,
          "y": 60,
        },
        Object {
          "h": 12,
          "i": "github",
          "minH": 6,
          "minW": 2,
          "moved": false,
          "static": false,
          "w": 4,
          "x": 0,
          "y": 72,
        },
        Object {
          "h": 12,
          "i": "todo",
          "minH": 6,
          "minW": 2,
          "moved": false,
          "static": false,
          "w": 4,
          "x": 0,
          "y": 25,
        },
        Object {
          "h": 12,
          "i": "weather",
          "minH": 6,
          "minW": 2,
          "moved": false,
          "static": false,
          "w": 4,
          "x": 0,
          "y": 84,
        },
        Object {
          "h": 11,
          "i": "notes",
          "minH": 6,
          "minW": 2,
          "moved": false,
          "static": false,
          "w": 4,
          "x": 0,
          "y": 49,
        },
        Object {
          "h": 13,
          "i": "welcome",
          "minH": 9,
          "minW": 3,
          "moved": false,
          "static": false,
          "w": 4,
          "x": 0,
          "y": 0,
        },
        Object {
          "h": 12,
          "i": "snippets",
          "minH": 6,
          "minW": 2,
          "moved": false,
          "static": false,
          "w": 4,
          "x": 0,
          "y": 37,
        },
        Object {
          "h": 12,
          "i": "projects",
          "minH": 6,
          "minW": 2,
          "moved": false,
          "static": false,
          "w": 4,
          "x": 0,
          "y": 13,
        },
      ],
    },
    "widgets": Object {
      "github": false,
      "news": false,
      "notes": true,
      "projects": true,
      "snippets": true,
      "todo": true,
      "weather": false,
      "welcome": true,
    },
  },
}
`;
