// Jest Snapshot v1, https://goo.gl/fbAQLP

exports[`Snippet can be created from snippet object 1`] = `
Snippet {
  "archived": false,
  "body": "some body",
  "createdAt": 123,
  "ctime": 123,
  "id": "foobar",
  "mtime": 123,
  "origin": undefined,
  "path": "/foobar/title",
  "size": 9,
  "title": "title",
  "type": "1",
  "workspaceId": null,
}
`;

exports[`Snippet can be created from snippet object 2`] = `
Uint8Array [
  115,
  111,
  109,
  101,
  32,
  98,
  111,
  100,
  121,
]
`;
