// Jest Snapshot v1, https://goo.gl/fbAQLP

exports[`with path as icon only 1`] = `
Array [
  Array [
    Object {
      "west": Object {
        "execCommands": Array [
          Object {
            "args": Array [
              Object {
                "item": Object {
                  "body": "foobar",
                  "id": "foobar",
                  "path": "/foo/bar:42",
                  "workspaceId": null,
                },
              },
            ],
            "command": "marquee.link",
          },
        ],
      },
    },
  ],
]
`;
