// Jest Snapshot v1, https://goo.gl/fbAQLP

exports[`jumpTo 1`] = `
Array [
  Array [
    Object {
      "west": Object {
        "execCommands": Array [
          Object {
            "args": Array [
              Object {
                "item": Object {
                  "foo": "bar",
                },
              },
            ],
            "command": "marquee.link",
          },
        ],
      },
    },
  ],
]
`;
