// Jest Snapshot v1, https://goo.gl/fbAQLP

exports[`should return expected interface 1`] = `
Array [
  Array [
    Object {
      "error": null,
      "tricks": Array [],
    },
  ],
  Array [
    Object {
      "error": null,
      "tricks": Array [
        Object {
          "active": true,
          "notify": true,
          "title": "foobar",
        },
      ],
    },
  ],
  Array [
    Object {
      "error": [Error: ups],
    },
  ],
]
`;
