// Jest Snapshot v1, https://goo.gl/fbAQLP

exports[`renders component correctly 1`] = `
Array [
  Array [
    Object {
      "west": Object {
        "upvote": Object {
          "id": "-MuKr7KhHYODGehy0G0B",
        },
      },
    },
  ],
]
`;
