// Jest Snapshot v1, https://goo.gl/fbAQLP

exports[`fetchData 1`] = `
Array [
  Array [
    "http://marquee.com/getRepositories?since=daily&language=typescript&spoken=en",
  ],
]
`;
